// Vitest Snapshot v1

exports[`Multicall > should aggregate multiple calls into one multicall 1`] = `
[
  [
    "0x14aa3c31ab2a7e16",
    "0x0",
  ],
  [
    "0x2386f26fc10000",
    "0x0",
  ],
]
`;
